rm -f arbiter_bin hip_bin asp_bin
g++ -Wall -Wextra -std=c++17 -pthread arbiter/*.cpp -o arbiter_bin -lncurses -lrt
docker : arbiter/arbiter.cpp: In function 'void handle_alarm(int)':
At line:1 char:1
+ docker run --rm -v "${pwd}:/app" chrono-rift-env bash -c "make && ./a ...
+ ~~~~~~~~~~~~~~~~~~~~~~~~~~~~~~~~~~~~~~~~~~~~~~~~~~~~~~~~~~~~~~~~~~~~~
    + CategoryInfo          : NotSpecified: (arbiter/arbiter...le_alarm(int)'::String) [], RemoteException
    + FullyQualifiedErrorId : NativeCommandError
 
arbiter/arbiter.cpp:36:23: warning: unused parameter 'sig' [-Wunused-parameter]
   36 | void handle_alarm(int sig) {
      |                   ~~~~^~~
g++ -Wall -Wextra -std=c++17 -pthread hip/*.cpp -o hip_bin -lncurses -lrt
hip/hip.cpp: In function 'void handle_stun(int)':
hip/hip.cpp:15:22: warning: unused parameter 'sig' [-Wunused-parameter]
   15 | void handle_stun(int sig) {
      |                  ~~~~^~~
bash: line 1: ./hip_bin: No such file or directory
bash: line 1: ./asp_bin: No such file or directory
g++ -Wall -Wextra -std=c++17 -pthread asp/*.cpp -o asp_bin -lncurses -lrt
asp/asp.cpp: In function 'void handle_stun(int)':
asp/asp.cpp:15:22: warning: unused parameter 'sig' [-Wunused-parameter]
   15 | void handle_stun(int sig) {
      |                  ~~~~^~~
Build complete.
kill: usage: kill [-s sigspec | -n signum | -sigspec] pid | jobspec ... or kill -l [sigspec]
